\BOOKMARK [1][-]{Doc-Start}{\376\377\000C\000\363\000m\000o\000\040\000u\000s\000a\000r\000\040\000e\000s\000t\000e\000\040\000m\000e\000g\000a\000d\000o\000c}{}% 1
\BOOKMARK [1][-]{Doc-Start}{\376\377\000M\000a\000p\000a\000\040\000d\000e\000\040\000t\000e\000m\000a\000s\000\040\000y\000\040\000p\000r\000i\000o\000r\000i\000d\000a\000d\000e\000s}{}% 2
\BOOKMARK [1][-]{section.1}{\376\377\000N\000\372\000m\000e\000r\000o\000s\000\040\000c\000o\000m\000p\000l\000e\000j\000o\000s}{}% 3
\BOOKMARK [1][-]{section.2}{\376\377\000V\000e\000c\000t\000o\000r\000e\000s\000,\000\040\000p\000r\000o\000d\000u\000c\000t\000o\000\040\000i\000n\000t\000e\000r\000n\000o\000,\000\040\000n\000o\000r\000m\000a\000s\000\040\000y\000\040\000o\000r\000t\000o\000g\000o\000n\000a\000l\000i\000d\000a\000d}{}% 4
\BOOKMARK [1][-]{section.3}{\376\377\000M\000a\000t\000r\000i\000c\000e\000s\000\040\000y\000\040\000d\000e\000t\000e\000r\000m\000i\000n\000a\000n\000t\000e\000s}{}% 5
\BOOKMARK [1][-]{section.4}{\376\377\000E\000s\000p\000a\000c\000i\000o\000s\000\040\000v\000e\000c\000t\000o\000r\000i\000a\000l\000e\000s\000,\000\040\000s\000u\000b\000e\000s\000p\000a\000c\000i\000o\000s\000,\000\040\000b\000a\000s\000e\000\040\000y\000\040\000d\000i\000m\000e\000n\000s\000i\000\363\000n}{}% 6
\BOOKMARK [1][-]{section.5}{\376\377\000T\000r\000a\000n\000s\000f\000o\000r\000m\000a\000c\000i\000o\000n\000e\000s\000\040\000l\000i\000n\000e\000a\000l\000e\000s\000:\000\040\000n\000\372\000c\000l\000e\000o\000,\000\040\000i\000m\000a\000g\000e\000n\000\040\000y\000\040\000m\000a\000t\000r\000i\000z\000\040\000a\000s\000o\000c\000i\000a\000d\000a}{}% 7
\BOOKMARK [1][-]{section.6}{\376\377\000C\000a\000m\000b\000i\000o\000\040\000d\000e\000\040\000b\000a\000s\000e\000\040\000y\000\040\000c\000o\000o\000r\000d\000e\000n\000a\000d\000a\000s}{}% 8
\BOOKMARK [1][-]{section.7}{\376\377\000D\000i\000a\000g\000o\000n\000a\000l\000i\000z\000a\000c\000i\000\363\000n}{}% 9
\BOOKMARK [1][-]{section.8}{\376\377\000F\000a\000c\000t\000o\000r\000i\000z\000a\000c\000i\000\363\000n\000\040\000L\000U\000\040\000y\000\040\000P\000L\000U}{}% 10
\BOOKMARK [1][-]{section.9}{\376\377\000F\000a\000c\000t\000o\000r\000i\000z\000a\000c\000i\000\363\000n\000\040\000Q\000R\000\040\000y\000\040\000C\000h\000o\000l\000e\000s\000k\000y}{}% 11
\BOOKMARK [1][-]{section.10}{\376\377\000D\000e\000s\000c\000o\000m\000p\000o\000s\000i\000c\000i\000\363\000n\000\040\000e\000n\000\040\000v\000a\000l\000o\000r\000e\000s\000\040\000s\000i\000n\000g\000u\000l\000a\000r\000e\000s\000\040\000\050\000S\000V\000D\000\051}{}% 12
\BOOKMARK [1][-]{section.11}{\376\377\000P\000s\000e\000u\000d\000o\000i\000n\000v\000e\000r\000s\000a\000\040\000d\000e\000\040\000M\000o\000o\000r\000e\040\023\000P\000e\000n\000r\000o\000s\000e}{}% 13
\BOOKMARK [1][-]{section.12}{\376\377\000C\000u\000a\000d\000r\000a\000d\000o\000s\000\040\000m\000\355\000n\000i\000m\000o\000s}{}% 14
\BOOKMARK [1][-]{section.13}{\376\377\000S\000e\000r\000i\000e\000s\000\040\000d\000e\000\040\000F\000o\000u\000r\000i\000e\000r}{}% 15
\BOOKMARK [1][-]{section.14}{\376\377\000T\000r\000a\000n\000s\000f\000o\000r\000m\000a\000d\000a\000\040\000d\000e\000\040\000F\000o\000u\000r\000i\000e\000r}{}% 16
\BOOKMARK [1][-]{section.15}{\376\377\000E\000D\000P\000s\000\040\000p\000o\000r\000\040\000d\000i\000f\000e\000r\000e\000n\000c\000i\000a\000s\000\040\000f\000i\000n\000i\000t\000a\000s}{}% 17
\BOOKMARK [1][-]{section.16}{\376\377\000A\000p\000\351\000n\000d\000i\000c\000e\000\040\000A\000\040\040\024\000\040\000F\000o\000r\000m\000u\000l\000a\000r\000i\000o\000\040\000r\000e\000l\000\341\000m\000p\000a\000g\000o}{}% 18
\BOOKMARK [1][-]{section.17}{\376\377\000A\000p\000\351\000n\000d\000i\000c\000e\000\040\000B\000\040\040\024\000\040\000B\000a\000n\000c\000o\000\040\000d\000e\000\040\000p\000r\000\341\000c\000t\000i\000c\000a\000\040\000\050\0003\0000\000\040\000m\000o\000d\000e\000l\000o\000s\000\040\000o\000f\000i\000c\000i\000a\000l\000e\000s\000\051}{}% 19
\BOOKMARK [2][-]{section*.1}{\376\377\000C\000h\000e\000c\000k\000l\000i\000s\000t\000\040\000d\000e\000l\000\040\000d\000\355\000a\000\040\000d\000e\000l\000\040\000e\000x\000a\000m\000e\000n}{section.17}% 20
